Before starting:
//Install the latest version of JRE

//Install mysql
$ sudo apt-get update
$ sudo apt-get install mysql-server

//Starting the service and checking status
$ sudo service mysql status
$ sudo service mysql start

//Set up the database
$ mysql -u root -p
mysql> CREATE DATABASE cs532;
mysql> USE cs532;
mysql> SOURCE cs532.sql;
mysql> QUIT;

//Change credentials in Credentials.java to username: root, password: ...
//depending on what you put in your set up of MySQL
+++++++++++++++++++++++++++++

Way 1:
Run Executable/HealthTrack.jar by double-clicking

+++++++++++++++++++++++++++++

Way 2:
//Connector error
In Eclipse:
	Project > Build Path > Configure Build Path
	In "Libraries" tab press "Add External Jar" and select mysql-connector-java-5.1.49.jar

//Adding JUnit 5.4.0 as a library org.junit.jupiter:junit-jupiter:5.4.2

Run using Eclipse from src/mainGUI.java
